// Jest Snapshot v1, https://goo.gl/fbAQLP

exports[`Calendario Should render correctly 1`] = `
<div
  className="sc-jSFjdj fCvFFD datePicker"
>
  <input
    className="sc-eCApnc bMxncj datePicker__input"
    onChange={[Function]}
    onClick={[Function]}
    onFocus={[Function]}
    placeholder="Date"
    readOnly={false}
    value=""
  />
</div>
`;
