// Jest Snapshot v1, https://goo.gl/fbAQLP

exports[`Calendario Should render correctly 1`] = `
Array [
  <div
    className="chakra-container datePicker css-1bqfmys"
  >
    <input
      className="chakra-input datePicker__input css-1c6j008"
      onBlur={[Function]}
      onChange={[Function]}
      onClick={[Function]}
      onFocus={[Function]}
      placeholder="Date"
      readOnly={false}
      value=""
    />
  </div>,
  <span />,
]
`;
